// Jest Snapshot v1, https://goo.gl/fbAQLP

exports[`Should render LoginPage correctly 1`] = `
<div>
  <h1>
    Welcome To Expensify
  </h1>
  <button>
    Login with Google
  </button>
</div>
`;
